geometric-optimize called with the following command line:
/Users/tom/Documents/ucl/projects/ash-fork/.venv/lib/python3.11/site-packages/ipykernel_launcher.py --f=/Users/tom/Library/Jupyter/runtime/kernel-v3185c42aad444751ad637d13d230ef29a9d093582.json

                                        [91m())))))))))))))))/[0m                     
                                    [91m())))))))))))))))))))))))),[0m                
                                [91m*)))))))))))))))))))))))))))))))))[0m             
                        [94m#,[0m    [91m()))))))))/[0m                [91m.)))))))))),[0m          
                      [94m#%%%%,[0m  [91m())))))[0m                        [91m.))))))))*[0m        
                      [94m*%%%%%%,[0m  [91m))[0m              [93m..[0m              [91m,))))))).[0m      
                        [94m*%%%%%%,[0m         [93m***************/.[0m        [91m.)))))))[0m     
                [94m#%%/[0m      [94m(%%%%%%,[0m    [93m/*********************.[0m       [91m)))))))[0m    
              [94m.%%%%%%#[0m      [94m*%%%%%%,[0m  [93m*******/,[0m     [93m**********,[0m      [91m.))))))[0m   
                [94m.%%%%%%/[0m      [94m*%%%%%%,[0m  [93m**[0m              [93m********[0m      [91m.))))))[0m  
          [94m##[0m      [94m.%%%%%%/[0m      [94m(%%%%%%,[0m                  [93m,******[0m      [91m/)))))[0m  
        [94m%%%%%%[0m      [94m.%%%%%%#[0m      [94m*%%%%%%,[0m    [92m,/////.[0m       [93m******[0m      [91m))))))[0m 
      [94m#%[0m      [94m%%[0m      [94m.%%%%%%/[0m      [94m*%%%%%%,[0m  [92m////////,[0m      [93m*****/[0m     [91m,)))))[0m 
    [94m#%%[0m  [94m%%%[0m  [94m%%%#[0m      [94m.%%%%%%/[0m      [94m(%%%%%%,[0m  [92m///////.[0m     [93m/*****[0m      [91m))))).[0m
  [94m#%%%%.[0m      [94m%%%%%#[0m      [94m/%%%%%%*[0m      [94m#%%%%%%[0m   [92m/////)[0m     [93m******[0m      [91m))))),[0m
    [94m#%%%%##%[0m  [94m%%%#[0m      [94m.%%%%%%/[0m      [94m(%%%%%%,[0m  [92m///////.[0m     [93m/*****[0m      [91m))))).[0m
      [94m##[0m     [94m%%%[0m      [94m.%%%%%%/[0m      [94m*%%%%%%,[0m  [92m////////.[0m      [93m*****/[0m     [91m,)))))[0m 
        [94m#%%%%#[0m      [94m/%%%%%%/[0m      [94m(%%%%%%[0m      [92m/)/)//[0m       [93m******[0m      [91m))))))[0m 
          [94m##[0m      [94m.%%%%%%/[0m      [94m(%%%%%%,[0m                  [93m*******[0m      [91m))))))[0m  
                [94m.%%%%%%/[0m      [94m*%%%%%%,[0m  [93m**.[0m             [93m/*******[0m      [91m.))))))[0m  
              [94m*%%%%%%/[0m      [94m(%%%%%%[0m   [93m********/*..,*/*********[0m       [91m*))))))[0m   
                [94m#%%/[0m      [94m(%%%%%%,[0m    [93m*********************/[0m        [91m)))))))[0m    
                        [94m*%%%%%%,[0m         [93m,**************/[0m         [91m,))))))/[0m     
                      [94m(%%%%%%[0m   [91m()[0m                              [91m))))))))[0m       
                      [94m#%%%%,[0m  [91m())))))[0m                        [91m,)))))))),[0m        
                        [94m#,[0m    [91m())))))))))[0m                [91m,)))))))))).[0m          
                                 [91m()))))))))))))))))))))))))))))))/[0m             
                                    [91m())))))))))))))))))))))))).[0m                
                                         [91m())))))))))))))),[0m                     

-=# [1;94m geomeTRIC started. Version: 1.1 [0m #=-
Current date and time: 2025-10-20 15:12:05
#========================================================#
#| [92m    Arguments passed to driver run_optimizer():     [0m |#
#========================================================#
convergence_cmax          0.01 
convergence_dmax          0.004 
convergence_drms          0.002 
convergence_energy        5e-06 
convergence_gmax          0.0003 
convergence_grms          0.0001 
coordsys                  hdlc 
customengine              <ash.interfaces.interface_geometric_new.ASHengineclass object at 0x15a572550> 
input                     dummyinputname 
logIni                    /Users/tom/Documents/ucl/projects/ash-fork/ash/log.ini 
maxiter                   250 
prefix                    geometric_OPTtraj 
subfrctor                 1 
transition                False 
verbose                   0 
----------------------------------------------------------
Custom engine selected.
Bonds will be generated from interatomic distances less than 1.20 times sum of covalent radii
18 internal coordinates being used (instead of 18 Cartesians)
Internal coordinate system (atoms numbered from 1):
Distance 1-2
Distance 1-3
Distance 3-4
Distance 3-5
Distance 3-6
Angle 2-1-3
Angle 1-3-4
Angle 1-3-5
Angle 1-3-6
Angle 4-3-5
Angle 4-3-6
Angle 5-3-6
Dihedral 2-1-3-4
Dihedral 2-1-3-5
Dihedral 2-1-3-6
Cartesian-X 1
Cartesian-X 2
Cartesian-X 3
Cartesian-X 4
Cartesian-X 5
Cartesian-X 6
Cartesian-Y 1
Cartesian-Y 2
Cartesian-Y 3
Cartesian-Y 4
Cartesian-Y 5
Cartesian-Y 6
Cartesian-Z 1
Cartesian-Z 2
Cartesian-Z 3
Cartesian-Z 4
Cartesian-Z 5
Cartesian-Z 6
<class 'geometric.internal.Distance'> : 5
<class 'geometric.internal.Angle'> : 7
<class 'geometric.internal.Dihedral'> : 3
<class 'geometric.internal.CartesianX'> : 6
<class 'geometric.internal.CartesianY'> : 6
<class 'geometric.internal.CartesianZ'> : 6
#===================================================================================#
#| [91mNote: Detected the use of DFT for a system containing only one fragment.[0m        |#
#|                                                                                 |#
#| DFT calculations that use small to medium-sized grids can sometimes result in   |#
#| energies and/or gradients that are not translationally/rotationally invariant,  |#
#| which varies depending on the QC program used.                                  |#
#|                                                                                 |#
#| Spurious translation/rotation contributions to the energy and/or gradient       |#
#| may cause convergence failure that is observable as 'movement' or 'tumbling'    |#
#| of the molecule in the optimization output. If observed, rerun the calculation  |#
#| using --coordsys dlc and --subfrctor 2. It will project out overall translation |#
#| and rotation from the optimization space.                                       |#
#===================================================================================#
> ===== Optimization Info: ====
> Job type: Energy minimization
> Maximum number of optimization cycles: 250
> Initial / maximum trust radius (Angstrom): 0.100 / 0.300
> Convergence Criteria:
> Will converge when all 5 criteria are reached:
>  |Delta-E| < 5.00e-06
>  RMS-Grad  < 1.00e-04
>  Max-Grad  < 3.00e-04
>  RMS-Disp  < 2.00e-03
>  Max-Disp  < 4.00e-03
> === End Optimization Info ===
Input geometry is not an existing file. Assumng raw xyz input.Input geometry: 6

O 0.0000000 -1.4330000 0.0000000
H -0.9620000 -1.6700000 0.0000000
C 0.0000000 0.0000000 0.0000000
H -0.4900000 0.4170000 0.8860000
H 1.0400000 0.3310000 0.0000000
H -0.4900000 0.4170000 -0.8860000Input geometry is not an existing file. Assumng raw xyz input.Input geometry: 6

O 0.0000000 -1.4330000 0.0000000
H -0.9620000 -1.6700000 0.0000000
C 0.0000000 0.0000000 0.0000000
H -0.4900000 0.4170000 0.8860000
H 1.0400000 0.3310000 0.0000000
H -0.4900000 0.4170000 -0.8860000Global RKS: -114.1760471885187Indices of embedded electrons:[0 1 2 3 4][5 6 7 8]DFT potential average 0.4563204852074258.Input geometry is not an existing file. Assumng raw xyz input.Input geometry: 6

O 0.0000000 -1.4330000 0.0000000
H -0.9620000 -1.6700000 0.0000000
C 0.0000000 0.0000000 0.0000000
H -0.4900000 0.4170000 0.8860000
H 1.0400000 0.3310000 0.0000000
H -0.4900000 0.4170000 -0.8860000Embedded scf energy MU_SHIFT: -43.64476878524836, converged: TrueOrbital indices for embedded system: [0, 1, 2, 3, 4, 5, 6, 7, 8, 9]Orbital indices removed from embedded system: [10, 11, 12, 13]V emb mean mu: 149884.79109461783RHF energy: -113.81471910858309Embedding complete.Embedded CCSD energy: -0.05792193661898626