Iteration QM-energy       (Eh) MM-Energy (Eh)  QM/MM-Energy (Eh)
0         -113.87296898031205 -13.249594105391008 -127.12256308570306
1         -113.87296898031205 -13.24961229502048 -127.12258127533254
2         -113.87296898031205 -13.249621396353588 -127.12259037666564
3         -113.87296898031205 -13.249626903813306 -127.12259588412536
4         -113.87296898031205 -13.249628979093288 -127.12259795940534
5         -113.87296898031205 -13.249629968015753 -127.1225989483278
6         -113.87296898031205 -13.249630518581244 -127.1225994988933
7         -113.87296898031205 -13.249630777417655 -127.1225997577297
8         -113.87296898031205 -13.249630881731473 -127.12259986204353
9         -113.87296898031205 -13.24963093696595 -127.122599917278
10         -113.87296898031205 -13.249631042346772 -127.12260002265883
11         -113.87296898031205 -13.249631137520113 -127.12260011783216
12         -113.87296898031205 -13.249631205845253 -127.1226001861573
13         -113.87296898031205 -13.249631267615129 -127.12260024792718
14         -113.87296898031205 -13.249631319220091 -127.12260029953214
15         -113.87296898031205 -13.249631400621704 -127.12260038093376
16         -113.87296898031205 -13.249631455873208 -127.12260043618527
17         -113.87296898031205 -13.249631508213154 -127.12260048852521
18         -113.87296898031205 -13.249631600480612 -127.12260058079266
19         -113.87296898031205 -13.249631668065092 -127.12260064837714
20         -113.87296898031205 -13.249631764725427 -127.12260074503747
21         -113.87296898031205 -13.249631818495612 -127.12260079880767
22         -113.87296898031205 -13.249631898444283 -127.12260087875633
23         -113.87296898031205 -13.249631950060596 -127.12260093037264
24         -113.87296898031205 -13.249632048142658 -127.12260102845471
25         -113.87296898031205 -13.249632102662016 -127.12260108297407
26         -113.87296898031205 -13.249632193493559 -127.1226011738056
27         -113.87296898031205 -13.249632301053792 -127.12260128136585
28         -113.87296898031205 -13.249632344664738 -127.12260132497678
29         -113.87296898031205 -13.249632429684516 -127.12260140999656
30         -113.87296898031205 -13.249632517621526 -127.12260149793357
31         -113.87296898031205 -13.249632596094555 -127.12260157640661
32         -113.87296898031205 -13.249632692749215 -127.12260167306127
33         -113.87296898031205 -13.24963273491857 -127.12260171523062
34         -113.87296898031205 -13.249632823542322 -127.12260180385438
35         -113.87296898031205 -13.24963290204089 -127.12260188235294
36         -113.87296898031205 -13.249633000880639 -127.12260198119269
37         -113.87296898031205 -13.249633069174562 -127.12260204948662
38         -113.87296898031205 -13.249633117161359 -127.12260209747342
39         -113.87296898031205 -13.249633178931235 -127.12260215924329
40         -113.87296898031205 -13.249633279195546 -127.1226022595076
41         -113.87296898031205 -13.249633367152423 -127.12260234746448
42         -113.87296898031205 -13.24963342819299 -127.12260240850505
43         -113.87296898031205 -13.249633482689646 -127.1226024630017
44         -113.87296898031205 -13.249633572811746 -127.1226025531238
45         -113.87296898031205 -13.249633628049061 -127.12260260836112
46         -113.87296898031205 -13.249633679659697 -127.12260265997175
47         -113.87296898031205 -13.249633752320959 -127.12260273263301
48         -113.87296898031205 -13.249633865673095 -127.12260284598514
49         -113.87296898031205 -13.249633942698857 -127.1226029230109
50         -113.87296898031205 -13.249634011736278 -127.12260299204833
51         -113.87296898031205 -13.249634101117717 -127.12260308142977
52         -113.87296898031205 -13.249634189769848 -127.1226031700819
53         -113.87296898031205 -13.249634278439006 -127.12260325875106
54         -113.87296898031205 -13.249634338049335 -127.12260331836139
55         -113.87296898031205 -13.249634423795582 -127.12260340410764
56         -113.87296898031205 -13.249634471021855 -127.1226034513339
57         -113.87296898031205 -13.249634560417483 -127.12260354072953
58         -113.87296898031205 -13.249634642528541 -127.12260362284059
59         -113.87296898031205 -13.249634707925095 -127.12260368823715
60         -113.87296898031205 -13.249634791503281 -127.12260377181533
61         -113.87296898031205 -13.24963485689416 -127.12260383720621
62         -113.87296898031205 -13.249634940460997 -127.12260392077305
63         -113.87296898031205 -13.249635007336032 -127.12260398764809
64         -113.87296898031205 -13.249635069094557 -127.1226040494066
65         -113.87296898031205 -13.249635165754892 -127.12260414606695
66         -113.87296898031205 -13.24963522862015 -127.1226042089322
67         -113.87296898031205 -13.249635291102308 -127.12260427141436
68         -113.87296898031205 -13.24963537105098 -127.12260435136304
69         -113.87296898031205 -13.249635463338302 -127.12260444365036
70         -113.87296898031205 -13.249635511296722 -127.12260449160877
71         -113.87296898031205 -13.249635582527743 -127.1226045628398
72         -113.87296898031205 -13.249635661735756 -127.1226046420478
73         -113.87296898031205 -13.249635747470652 -127.1226047277827
74         -113.87296898031205 -13.249635829581708 -127.12260480989376
75         -113.87296898031205 -13.249635898633318 -127.12260487894537
76         -113.87296898031205 -13.249636009794692 -127.12260499010674
77         -113.87296898031205 -13.249636062120448 -127.1226050424325
78         -113.87296898031205 -13.249636166757773 -127.12260514706982
79         -113.87296898031205 -13.24963591251572 -127.12260489282777
80         -113.87296898031205 -13.249635652461903 -127.12260463277396
81         -113.87296898031205 -13.249635738954485 -127.12260471926653
82         -113.87296898031205 -13.249635801439481 -127.12260478175153
83         -113.87296898031205 -13.249635933677018 -127.12260491398906
84         -113.87296898031205 -13.249636009238486 -127.12260498955054
85         -113.87296898031205 -13.249636064495666 -127.12260504480771
86         -113.87296898031205 -13.249636134253883 -127.12260511456594
87         -113.87296898031205 -13.249636205456527 -127.12260518576858
88         -113.87296898031205 -13.249636285396686 -127.12260526570874
89         -113.87296898031205 -13.249636345744836 -127.12260532605688
90         -113.87296898031205 -13.249636414058624 -127.12260539437068
91         -113.87296898031205 -13.249636504149509 -127.12260548446156
92         -113.87296898031205 -13.249636589881566 -127.12260557019361
93         -113.87296898031205 -13.249636642227188 -127.12260562253924
94         -113.87296898031205 -13.249636746103988 -127.12260572641604
95         -113.87296898031205 -13.249636807170097 -127.12260578748214
96         -113.87296898031205 -13.249636921231676 -127.12260590154372
97         -113.87296898031205 -13.249636985215018 -127.12260596552707
98         -113.87296898031205 -13.249636997545156 -127.1226059778572
99         -113.87296898031205 -13.249637105843211 -127.12260608615526
100         -113.87296898031205 -13.249637193768873 -127.12260617408093
101         -113.87296898031205 -13.2496372482485 -127.12260622856056
102         -113.87296898031205 -13.249637304955785 -127.12260628526784
103         -113.87296898031205 -13.249637410316742 -127.12260639062879
104         -113.87296898031205 -13.24963746481056 -127.12260644512261
105         -113.87296898031205 -13.24963708815819 -127.12260606847025
106         -113.87296898031205 -13.249637182639114 -127.12260616295117
107         -113.87296898031205 -13.24963726619176 -127.1226062465038
108         -113.87296898031205 -13.249637326514371 -127.12260630682643
109         -113.87296898031205 -13.249637431131832 -127.12260641144388
110         -113.87296898031205 -13.249637501625031 -127.12260648193708
111         -113.87296898031205 -13.249637574311834 -127.12260655462389
112         -113.87296898031205 -13.249637680370885 -127.12260666068293
113         -113.87296898031205 -13.249637745049482 -127.12260672536154
114         -113.87296898031205 -13.24963739573341 -127.12260637604547
115         -113.87296898031205 -13.249637477833115 -127.12260645814517
116         -113.87296898031205 -13.249637522187559 -127.12260650249961
117         -113.87296898031205 -13.249637604273076 -127.12260658458513
118         -113.87296898031205 -13.249637669692332 -127.12260665000439
119         -113.87296898031205 -13.249637727109059 -127.12260670742111
120         -113.87296898031205 -13.249637759808756 -127.1226067401208
121         -113.87296898031205 -13.249637897134425 -127.12260687744647
122         -113.87296898031205 -13.249638002495383 -127.12260698280744
123         -113.87296898031205 -13.249638054826816 -127.12260703513887
124         -113.87296898031205 -13.249638119491223 -127.12260709980328
125         -113.87296898031205 -13.249638201607956 -127.12260718192
126         -113.87296898031205 -13.249638238683502 -127.12260721899555
127         -113.87296898031205 -13.24963831279203 -127.12260729310408
128         -113.87296898031205 -13.249638373097614 -127.12260735340966
129         -113.87296898031205 -13.249638459576008 -127.12260743988806
130         -113.87296898031205 -13.249638527146299 -127.12260750745835
131         -113.87296898031205 -13.24963860562784 -127.12260758593989
132         -113.87296898031205 -13.249638726991018 -127.12260770730308
133         -113.87296898031205 -13.249638809104912 -127.12260778941696
134         -113.87296898031205 -13.24963887304285 -127.1226078533549
135         -113.87296898031205 -13.249638937724285 -127.12260791803634
136         -113.87296898031205 -13.249639043783334 -127.12260802409538
137         -113.87296898031205 -13.249639150594396 -127.12260813090644
138         -113.87296898031205 -13.249639234166908 -127.12260821447896
139         -113.87296898031205 -13.249639287207785 -127.12260826751984
140         -113.87296898031205 -13.24963937877715 -127.1226083590892
141         -113.87296898031205 -13.249639437618441 -127.1226084179305
142         -113.87296898031205 -13.249639537167633 -127.12260851747969
143         -113.87296898031205 -13.249639598931832 -127.12260857924389
144         -113.87296898031205 -13.249639652001088 -127.12260863231315
145         -113.87296898031205 -13.249640048651267 -127.12260902896332
146         -113.87296898031205 -13.249640132220941 -127.122609112533
147         -113.87296898031205 -13.249640214354699 -127.12260919466675
148         -113.87296898031205 -13.249640277566165 -127.12260925787822
149         -113.87296898031205 -13.249640374921757 -127.1226093552338
150         -113.87296898031205 -13.249640433802776 -127.12260941411483
151         -113.87296898031205 -13.249640521714248 -127.12260950202631
152         -113.87296898031205 -13.249640602378038 -127.12260958269009
153         -113.87296898031205 -13.249640695352102 -127.12260967566415
154         -113.87296898031205 -13.249640790539633 -127.12260977085168
155         -113.87296898031205 -13.249640842170134 -127.12260982248219
156         -113.87296898031205 -13.249640890855025 -127.12260987116707
157         -113.87296898031205 -13.24964096714864 -127.12260994746069
158         -113.87296898031205 -13.249641023804843 -127.1226100041169
159         -113.87296898031205 -13.24964110157694 -127.122610081889
160         -113.87296898031205 -13.249641205484956 -127.12261018579701
161         -113.87296898031205 -13.24964133844045 -127.1226103187525
162         -113.87296898031205 -13.249641424186699 -127.12261040449874
163         -113.87296898031205 -13.249641504810759 -127.1226104851228
164         -113.87296898031205 -13.249641565156072 -127.12261054546812
165         -113.87296898031205 -13.249641639982558 -127.12261062029461
166         -113.87296898031205 -13.249641701755271 -127.12261068206732
167         -113.87296898031205 -13.249641804939655 -127.12261078525171
168         -113.87296898031205 -13.24964187686877 -127.12261085718082
169         -113.87296898031205 -13.249641937177191 -127.12261091748924
170         -113.87296898031205 -13.249642025088663 -127.12261100540071
171         -113.87296898031205 -13.249642045452545 -127.1226110257646
172         -113.87296898031205 -13.249642136272737 -127.12261111658479
173         -113.87296898031205 -13.249642222751131 -127.12261120306319
174         -113.87296898031205 -13.249642271447373 -127.12261125175942
175         -113.87296898031205 -13.249642347723961 -127.12261132803602
176         -113.87296898031205 -13.249642437829033 -127.12261141814109
177         -113.87296898031205 -13.249642553346392 -127.12261153365844
178         -113.87296898031205 -13.249642596230867 -127.12261157654292
179         -113.87296898031205 -13.24964268125632 -127.12261166156837
180         -113.87296898031205 -13.249642787318209 -127.12261176763026
181         -113.87296898031205 -13.24964285781141 -127.12261183812346
182         -113.87296898031205 -13.249642909399345 -127.1226118897114
183         -113.87296898031205 -13.24964305179612 -127.12261203210818
184         -113.87296898031205 -13.249643123725235 -127.12261210403729
185         -113.87296898031205 -13.24964318912179 -127.12261216943384
186         -113.87296898031205 -13.249643214559617 -127.12261219487166
187         -113.87296898031205 -13.249643289408803 -127.12261226972086
188         -113.87296898031205 -13.249643380243185 -127.12261236055524
189         -113.87296898031205 -13.249643476145835 -127.12261245645789
190         -113.87296898031205 -13.24964351322138 -127.12261249353344
191         -113.87296898031205 -13.24964358804219 -127.12261256835424
192         -113.87296898031205 -13.249643673061968 -127.12261265337402
193         -113.87296898031205 -13.249643755167348 -127.12261273547941
194         -113.87296898031205 -13.249643840902246 -127.1226128212143
195         -113.87296898031205 -13.249643889598486 -127.12261286991054
196         -113.87296898031205 -13.249643983324562 -127.12261296363661
197         -113.87296898031205 -13.2496440770478 -127.12261305735986
198         -113.87296898031205 -13.249644156956741 -127.12261313726879
199         -113.87296898031205 -13.249644215843437 -127.12261319615548
200         -113.87296898031205 -13.249644311002589 -127.12261329131464
201         -113.87296898031205 -13.249644407648736 -127.12261338796078
202         -113.87296898031205 -13.249644483939512 -127.12261346425157
203         -113.87296898031205 -13.249644553692054 -127.1226135340041
204         -113.87296898031205 -13.249644608202898 -127.12261358851495
205         -113.87296898031205 -13.24964469610018 -127.12261367641223
206         -113.87296898031205 -13.249644776763972 -127.12261375707602
207         -113.87296898031205 -13.249644826175333 -127.12261380648738
208         -113.87296898031205 -13.249644898110123 -127.12261387842217
209         -113.87296898031205 -13.249645006359938 -127.122613986672
210         -113.87296898031205 -13.249645088476669 -127.12261406878872
211         -113.87296898031205 -13.249645167687518 -127.12261414799957
212         -113.87296898031205 -13.24964527229079 -127.12261425260284
213         -113.87296898031205 -13.24964535295458 -127.12261433326663
214         -113.87296898031205 -13.249645426342314 -127.12261440665436
215         -113.87296898031205 -13.249645502630253 -127.12261448294231
216         -113.87296898031205 -13.24964558983228 -127.12261457014434
217         -113.87296898031205 -13.249645645779038 -127.12261462609109
218         -113.87296898031205 -13.249645690823062 -127.12261467113511
219         -113.87296898031205 -13.249645724989888 -127.12261470530194
220         -113.87296898031205 -13.249645797631285 -127.12261477794334
221         -113.87296898031205 -13.249645917521658 -127.12261489783371
222         -113.87296898031205 -13.2496459894678 -127.12261496977985
223         -113.87296898031205 -13.249646059938298 -127.12261504025035
224         -113.87296898031205 -13.249646126066999 -127.12261510637904
225         -113.87296898031205 -13.249646198711234 -127.12261517902328
226         -113.87296898031205 -13.24964627064035 -127.1226152509524
227         -113.87296898031205 -13.249646323689738 -127.12261530400178
228         -113.87296898031205 -13.2496464116154 -127.12261539192745
229         -113.87296898031205 -13.2496464559216 -127.12261543623364
230         -113.87296898031205 -13.249646528594212 -127.12261550890626
231         -113.87296898031205 -13.249646639029114 -127.12261561934116
232         -113.87296898031205 -13.249646696420301 -127.12261567673235
233         -113.87296898031205 -13.249646766896475 -127.12261574720853
234         -113.87296898031205 -13.249646838099121 -127.12261581841118
235         -113.87296898031205 -13.249646915845677 -127.12261589615773
236         -113.87296898031205 -13.249646979077008 -127.12261595938907
237         -113.87296898031205 -13.249647080079141 -127.1226160603912
238         -113.87296898031205 -13.249647133815273 -127.12261611412733
239         -113.87296898031205 -13.249647204314149 -127.1226161846262
240         -113.87296898031205 -13.249647287852607 -127.12261626816466
241         -113.87296898031205 -13.249647359798749 -127.1226163401108
242         -113.87296898031205 -13.24964745568721 -127.12261643599926
243         -113.87296898031205 -13.249647565395641 -127.1226165457077
244         -113.87296898031205 -13.249647621345238 -127.12261660165728
245         -113.87296898031205 -13.249647729614916 -127.12261670992697
246         -113.87296898031205 -13.249647795723753 -127.12261677603581
247         -113.87296898031205 -13.249647889464017 -127.12261686977607
248         -113.87296898031205 -13.24964798680258 -127.12261696711464
249         -113.87296898031205 -13.249648083451564 -127.12261706376361
